// Jest Snapshot v1, https://goo.gl/fbAQLP

exports[`Component renderes properly 1`] = `
<div
  id="login"
/>
`;
